1.94421
-1.68362
-0.740376
2.00208
-2.37004
-0.90477
0.411817
-0.81622
-2.44552
1.11152
