-0.554002
8.29972
2.4256
-2.616140
-0.733908
-0.805850
-6.09887
2.756738
5.953108
-5.45999