-1.17037
-5.2151
0.588791
-0.919744
4.23328
-0.0979767
-2.81165
-3.90244
2.80682
-3.17228
