1.22598
-0.288513
-0.214733
-1.20823
-0.293132
1.00697
0.713288
0.247696
-0.302484
-1.41134
