1.16391
-0.0718535
-1.03661
0.284132
1.07134
-0.109015
-1.37928
-0.827648
0.231651
-0.297927
