-1.72553
-13.8976
-1.85883
6.88278
4.17976
-1.34457
-19.048
3.16555
-8.07202
-3.31229
