-0.518521
1.74184
-0.23972
-0.45988
-0.196376
2.72981
0.468696
0.784807
-0.358445
-1.81346
