4.74939
2.65427
-0.768858
-7.5138
2.82189
3.55501
0.981036
-4.4205
0.709019
2.38807
