2.33924
-1.0236
-0.687006
-0.130665
-1.42749
-2.20169
-1.49364
-0.571976
-1.83025
2.46651
