0.384615
-0.0384616
0.807692
1.4408e-007
-0.192308
