0.280702
0.745614
-0.0745614
0.0438596
-0.0877193
