-3.72218
-6.59139
-7.61686
5.94702
-1.27183
-3.30538
0.861273
7.07457
5.07431
3.82588
