3.6585
-1.7836
5.26637
-5.70101
-6.97635
7.87558
13.5258
-3.3813
-2.52978
6.08785
