1.05343
-0.844188
2.67743
0.279573
0.241604
-1.41132
-1.72026
-0.190414
0.103483
0.184134
