-0.20415
-1.52238
0.0413864
-0.0798252
5.11568
1.48969
1.40623
2.1711
1.76269
2.61329
