0.874132
0.866764
1.71722
-0.183777
-1.42838
-0.38343
-1.83599
-0.368775
-0.295081
-0.0470227
