-1.02737
1.42346
0.542196
0.0413035
-0.11624
-0.535236
-0.839669
-0.738208
1.25523
-0.265083
