-0.364193
-0.892211
-0.0737892
-0.196423
0.840909
