-29.692689
5.899262
-24.104800
-33.155605
6.420000