-0.666666
1.33333
0.333332
-2.36148e-006
-0.333334
