-0.295238
-0.0238094
-0.166666
-0.0809519
1.17619
